2026-10-06 | INFO | Project verification started
2026-10-06 | INFO | Python version: 3.13.5
2026-10-06 | INFO | Unit tests: 3 passed
2026-10-06 | INFO | Books to Scrape page 1 and page 2 pagination verified
2026-10-06 | INFO | Quotes to Scrape page 1 and page 2 pagination verified
2026-10-06 | WARNING | Local sandbox could not resolve books.toscrape.com via Python requests
2026-10-06 | WARNING | Local sandbox could not resolve quotes.toscrape.com via Python requests
2026-10-06 | INFO | Included output is a verified two-page sample; run main.py locally for the full live scrape
2026-10-07 00:15:23,318 | INFO | Starting multi-source scraping pipeline
2026-10-07 00:15:25,394 | INFO | Books page processed: https://books.toscrape.com/catalogue/page-2.html (records so far: 20)
2026-10-07 00:15:25,933 | INFO | Books page processed: https://books.toscrape.com/catalogue/page-3.html (records so far: 40)
2026-10-07 00:15:26,466 | INFO | Books page processed: https://books.toscrape.com/catalogue/page-4.html (records so far: 60)
2026-10-07 00:15:27,000 | INFO | Books page processed: https://books.toscrape.com/catalogue/page-5.html (records so far: 80)
2026-10-07 00:15:27,511 | INFO | Books page processed: https://books.toscrape.com/catalogue/page-6.html (records so far: 100)
2026-10-07 00:15:28,024 | INFO | Books page processed: https://books.toscrape.com/catalogue/page-7.html (records so far: 120)
2026-10-07 00:15:28,541 | INFO | Books page processed: https://books.toscrape.com/catalogue/page-8.html (records so far: 140)
2026-10-07 00:15:29,074 | INFO | Books page processed: https://books.toscrape.com/catalogue/page-9.html (records so far: 160)
2026-10-07 00:15:29,615 | INFO | Books page processed: https://books.toscrape.com/catalogue/page-10.html (records so far: 180)
2026-10-07 00:15:30,376 | INFO | Books page processed: https://books.toscrape.com/catalogue/page-11.html (records so far: 200)
2026-10-07 00:15:30,873 | INFO | Books page processed: https://books.toscrape.com/catalogue/page-12.html (records so far: 220)
2026-10-07 00:15:31,632 | INFO | Books page processed: https://books.toscrape.com/catalogue/page-13.html (records so far: 240)
2026-10-07 00:15:32,389 | INFO | Books page processed: https://books.toscrape.com/catalogue/page-14.html (records so far: 260)
2026-10-07 00:15:32,893 | INFO | Books page processed: https://books.toscrape.com/catalogue/page-15.html (records so far: 280)
2026-10-07 00:15:33,655 | INFO | Books page processed: https://books.toscrape.com/catalogue/page-16.html (records so far: 300)
2026-10-07 00:15:34,161 | INFO | Books page processed: https://books.toscrape.com/catalogue/page-17.html (records so far: 320)
2026-10-07 00:15:34,917 | INFO | Books page processed: https://books.toscrape.com/catalogue/page-18.html (records so far: 340)
2026-10-07 00:15:35,424 | INFO | Books page processed: https://books.toscrape.com/catalogue/page-19.html (records so far: 360)
2026-10-07 00:15:36,195 | INFO | Books page processed: https://books.toscrape.com/catalogue/page-20.html (records so far: 380)
2026-10-07 00:15:36,965 | INFO | Books page processed: https://books.toscrape.com/catalogue/page-21.html (records so far: 400)
2026-10-07 00:15:37,472 | INFO | Books page processed: https://books.toscrape.com/catalogue/page-22.html (records so far: 420)
2026-10-07 00:15:37,974 | INFO | Books page processed: https://books.toscrape.com/catalogue/page-23.html (records so far: 440)
2026-10-07 00:15:38,474 | INFO | Books page processed: https://books.toscrape.com/catalogue/page-24.html (records so far: 460)
2026-10-07 00:15:38,984 | INFO | Books page processed: https://books.toscrape.com/catalogue/page-25.html (records so far: 480)
2026-10-07 00:15:39,753 | INFO | Books page processed: https://books.toscrape.com/catalogue/page-26.html (records so far: 500)
2026-10-07 00:15:40,265 | INFO | Books page processed: https://books.toscrape.com/catalogue/page-27.html (records so far: 520)
2026-10-07 00:15:40,791 | INFO | Books page processed: https://books.toscrape.com/catalogue/page-28.html (records so far: 540)
2026-10-07 00:15:41,316 | INFO | Books page processed: https://books.toscrape.com/catalogue/page-29.html (records so far: 560)
2026-10-07 00:15:41,837 | INFO | Books page processed: https://books.toscrape.com/catalogue/page-30.html (records so far: 580)
2026-10-07 00:15:42,342 | INFO | Books page processed: https://books.toscrape.com/catalogue/page-31.html (records so far: 600)
2026-10-07 00:15:42,853 | INFO | Books page processed: https://books.toscrape.com/catalogue/page-32.html (records so far: 620)
2026-10-07 00:15:43,370 | INFO | Books page processed: https://books.toscrape.com/catalogue/page-33.html (records so far: 640)
2026-10-07 00:15:44,137 | INFO | Books page processed: https://books.toscrape.com/catalogue/page-34.html (records so far: 660)
2026-10-07 00:15:44,646 | INFO | Books page processed: https://books.toscrape.com/catalogue/page-35.html (records so far: 680)
2026-10-07 00:15:45,159 | INFO | Books page processed: https://books.toscrape.com/catalogue/page-36.html (records so far: 700)
2026-10-07 00:15:45,666 | INFO | Books page processed: https://books.toscrape.com/catalogue/page-37.html (records so far: 720)
2026-10-07 00:15:46,443 | INFO | Books page processed: https://books.toscrape.com/catalogue/page-38.html (records so far: 740)
2026-10-07 00:15:47,204 | INFO | Books page processed: https://books.toscrape.com/catalogue/page-39.html (records so far: 760)
2026-10-07 00:15:47,961 | INFO | Books page processed: https://books.toscrape.com/catalogue/page-40.html (records so far: 780)
2026-10-07 00:15:48,735 | INFO | Books page processed: https://books.toscrape.com/catalogue/page-41.html (records so far: 800)
2026-10-07 00:15:49,504 | INFO | Books page processed: https://books.toscrape.com/catalogue/page-42.html (records so far: 820)
2026-10-07 00:15:50,286 | INFO | Books page processed: https://books.toscrape.com/catalogue/page-43.html (records so far: 840)
2026-10-07 00:15:50,805 | INFO | Books page processed: https://books.toscrape.com/catalogue/page-44.html (records so far: 860)
2026-10-07 00:15:51,333 | INFO | Books page processed: https://books.toscrape.com/catalogue/page-45.html (records so far: 880)
2026-10-07 00:15:51,849 | INFO | Books page processed: https://books.toscrape.com/catalogue/page-46.html (records so far: 900)
2026-10-07 00:15:52,645 | INFO | Books page processed: https://books.toscrape.com/catalogue/page-47.html (records so far: 920)
2026-10-07 00:15:53,183 | INFO | Books page processed: https://books.toscrape.com/catalogue/page-48.html (records so far: 940)
2026-10-07 00:15:53,725 | INFO | Books page processed: https://books.toscrape.com/catalogue/page-49.html (records so far: 960)
2026-10-07 00:15:54,251 | INFO | Books page processed: https://books.toscrape.com/catalogue/page-50.html (records so far: 980)
2026-10-07 00:15:55,087 | INFO | Books page processed: last page (records so far: 1000)
2026-10-07 00:15:57,058 | INFO | Quotes page processed (records so far: 10)
2026-10-07 00:15:57,536 | INFO | Quotes page processed (records so far: 20)
2026-10-07 00:15:58,006 | INFO | Quotes page processed (records so far: 30)
2026-10-07 00:15:58,483 | INFO | Quotes page processed (records so far: 40)
2026-10-07 00:15:58,963 | INFO | Quotes page processed (records so far: 50)
2026-10-07 00:15:59,440 | INFO | Quotes page processed (records so far: 60)
2026-10-07 00:15:59,920 | INFO | Quotes page processed (records so far: 70)
2026-10-07 00:16:00,405 | INFO | Quotes page processed (records so far: 80)
2026-10-07 00:16:00,889 | INFO | Quotes page processed (records so far: 90)
2026-10-07 00:16:01,371 | INFO | Quotes page processed (records so far: 100)
2026-10-07 00:16:01,572 | INFO | Collected 1100 records total
2026-10-07 00:16:01,692 | INFO | Finished. Final records: 1100; duplicates removed: 0
2026-10-07 00:16:01,692 | INFO | Dataset: C:\Users\VINAY THOTA\OneDrive\Desktop\scraping_assignment\output\final_dataset.csv
2026-10-07 00:16:01,693 | INFO | Summary: C:\Users\VINAY THOTA\OneDrive\Desktop\scraping_assignment\output\summary_report.json
2026-10-07 00:22:59,053 | INFO | Starting multi-source scraping pipeline
2026-10-07 00:23:08,568 | INFO | Books page processed: https://books.toscrape.com/catalogue/page-2.html (records so far: 20)
2026-10-07 00:23:17,179 | INFO | Books page processed: https://books.toscrape.com/catalogue/page-3.html (records so far: 40)
2026-10-07 00:23:25,779 | INFO | Books page processed: https://books.toscrape.com/catalogue/page-4.html (records so far: 60)
2026-10-07 00:23:34,354 | INFO | Books page processed: https://books.toscrape.com/catalogue/page-5.html (records so far: 80)
2026-10-07 00:23:42,928 | INFO | Books page processed: https://books.toscrape.com/catalogue/page-6.html (records so far: 100)
2026-10-07 00:23:51,459 | INFO | Books page processed: https://books.toscrape.com/catalogue/page-7.html (records so far: 120)
2026-10-07 00:24:00,051 | INFO | Books page processed: https://books.toscrape.com/catalogue/page-8.html (records so far: 140)
2026-10-07 00:24:08,716 | INFO | Books page processed: https://books.toscrape.com/catalogue/page-9.html (records so far: 160)
2026-10-07 00:24:17,378 | INFO | Books page processed: https://books.toscrape.com/catalogue/page-10.html (records so far: 180)
2026-10-07 00:24:25,988 | INFO | Books page processed: https://books.toscrape.com/catalogue/page-11.html (records so far: 200)
2026-10-07 00:24:34,688 | INFO | Books page processed: https://books.toscrape.com/catalogue/page-12.html (records so far: 220)
2026-10-07 00:24:43,243 | INFO | Books page processed: https://books.toscrape.com/catalogue/page-13.html (records so far: 240)
2026-10-07 00:24:51,856 | INFO | Books page processed: https://books.toscrape.com/catalogue/page-14.html (records so far: 260)
2026-10-07 00:25:00,545 | INFO | Books page processed: https://books.toscrape.com/catalogue/page-15.html (records so far: 280)
2026-10-07 00:25:09,358 | INFO | Books page processed: https://books.toscrape.com/catalogue/page-16.html (records so far: 300)
2026-10-07 00:25:17,774 | INFO | Books page processed: https://books.toscrape.com/catalogue/page-17.html (records so far: 320)
2026-10-07 00:25:26,303 | INFO | Books page processed: https://books.toscrape.com/catalogue/page-18.html (records so far: 340)
2026-10-07 00:25:34,981 | INFO | Books page processed: https://books.toscrape.com/catalogue/page-19.html (records so far: 360)
2026-10-07 00:25:43,685 | INFO | Books page processed: https://books.toscrape.com/catalogue/page-20.html (records so far: 380)
2026-10-07 00:25:52,485 | INFO | Books page processed: https://books.toscrape.com/catalogue/page-21.html (records so far: 400)
2026-10-07 00:26:00,900 | INFO | Books page processed: https://books.toscrape.com/catalogue/page-22.html (records so far: 420)
2026-10-07 00:26:09,237 | INFO | Books page processed: https://books.toscrape.com/catalogue/page-23.html (records so far: 440)
2026-10-07 00:26:17,895 | INFO | Books page processed: https://books.toscrape.com/catalogue/page-24.html (records so far: 460)
2026-10-07 00:26:26,555 | INFO | Books page processed: https://books.toscrape.com/catalogue/page-25.html (records so far: 480)
2026-10-07 00:26:35,239 | INFO | Books page processed: https://books.toscrape.com/catalogue/page-26.html (records so far: 500)
2026-10-07 00:26:43,626 | INFO | Books page processed: https://books.toscrape.com/catalogue/page-27.html (records so far: 520)
2026-10-07 00:26:52,038 | INFO | Books page processed: https://books.toscrape.com/catalogue/page-28.html (records so far: 540)
2026-10-07 00:27:00,447 | INFO | Books page processed: https://books.toscrape.com/catalogue/page-29.html (records so far: 560)
2026-10-07 00:27:08,812 | INFO | Books page processed: https://books.toscrape.com/catalogue/page-30.html (records so far: 580)
2026-10-07 00:27:17,146 | INFO | Books page processed: https://books.toscrape.com/catalogue/page-31.html (records so far: 600)
2026-10-07 00:27:25,650 | INFO | Books page processed: https://books.toscrape.com/catalogue/page-32.html (records so far: 620)
2026-10-07 00:27:34,228 | INFO | Books page processed: https://books.toscrape.com/catalogue/page-33.html (records so far: 640)
2026-10-07 00:27:42,820 | INFO | Books page processed: https://books.toscrape.com/catalogue/page-34.html (records so far: 660)
2026-10-07 00:27:51,670 | INFO | Books page processed: https://books.toscrape.com/catalogue/page-35.html (records so far: 680)
2026-10-07 00:28:00,228 | INFO | Books page processed: https://books.toscrape.com/catalogue/page-36.html (records so far: 700)
2026-10-07 00:28:08,848 | INFO | Books page processed: https://books.toscrape.com/catalogue/page-37.html (records so far: 720)
2026-10-07 00:28:17,449 | INFO | Books page processed: https://books.toscrape.com/catalogue/page-38.html (records so far: 740)
2026-10-07 00:28:26,098 | INFO | Books page processed: https://books.toscrape.com/catalogue/page-39.html (records so far: 760)
2026-10-07 00:28:34,663 | INFO | Books page processed: https://books.toscrape.com/catalogue/page-40.html (records so far: 780)
2026-10-07 00:28:43,266 | INFO | Books page processed: https://books.toscrape.com/catalogue/page-41.html (records so far: 800)
2026-10-07 00:28:51,871 | INFO | Books page processed: https://books.toscrape.com/catalogue/page-42.html (records so far: 820)
2026-10-07 00:29:00,350 | INFO | Books page processed: https://books.toscrape.com/catalogue/page-43.html (records so far: 840)
2026-10-07 00:29:08,493 | INFO | Books page processed: https://books.toscrape.com/catalogue/page-44.html (records so far: 860)
2026-10-07 00:29:16,642 | INFO | Books page processed: https://books.toscrape.com/catalogue/page-45.html (records so far: 880)
2026-10-07 00:29:24,793 | INFO | Books page processed: https://books.toscrape.com/catalogue/page-46.html (records so far: 900)
2026-10-07 00:29:33,175 | INFO | Books page processed: https://books.toscrape.com/catalogue/page-47.html (records so far: 920)
2026-10-07 00:29:41,308 | INFO | Books page processed: https://books.toscrape.com/catalogue/page-48.html (records so far: 940)
2026-10-07 00:29:51,671 | INFO | Books page processed: https://books.toscrape.com/catalogue/page-49.html (records so far: 960)
2026-10-07 00:30:00,104 | INFO | Books page processed: https://books.toscrape.com/catalogue/page-50.html (records so far: 980)
2026-10-07 00:30:08,543 | INFO | Books page processed: last page (records so far: 1000)
2026-10-07 00:30:10,126 | INFO | Quotes page processed (records so far: 10)
2026-10-07 00:30:10,619 | INFO | Quotes page processed (records so far: 20)
2026-10-07 00:30:11,112 | INFO | Quotes page processed (records so far: 30)
2026-10-07 00:30:11,604 | INFO | Quotes page processed (records so far: 40)
2026-10-07 00:30:12,115 | INFO | Quotes page processed (records so far: 50)
2026-10-07 00:30:12,610 | INFO | Quotes page processed (records so far: 60)
2026-10-07 00:30:13,104 | INFO | Quotes page processed (records so far: 70)
2026-10-07 00:30:13,600 | INFO | Quotes page processed (records so far: 80)
2026-10-07 00:30:14,092 | INFO | Quotes page processed (records so far: 90)
2026-10-07 00:30:14,582 | INFO | Quotes page processed (records so far: 100)
2026-10-07 00:30:14,783 | INFO | Collected 1100 records total
2026-10-07 00:30:14,851 | INFO | Finished. Final records: 1100; duplicates removed: 0
2026-10-07 00:30:14,852 | INFO | Dataset: C:\Users\VINAY THOTA\OneDrive\Desktop\scraping_assignment\output\final_dataset.csv
2026-10-07 00:30:14,852 | INFO | Summary: C:\Users\VINAY THOTA\OneDrive\Desktop\scraping_assignment\output\summary_report.json
